\BOOKMARK [1][-]{section.1}{\376\377\000I\000n\000t\000r\000o\000d\000u\000c\000t\000i\000o\000n}{}% 1
\BOOKMARK [1][-]{section.2}{\376\377\000E\000x\000p\000e\000r\000i\000m\000e\000n\000t\000a\000l\000\040\000S\000e\000t\000u\000p}{}% 2
\BOOKMARK [2][-]{subsection.2.1}{\376\377\000N\000e\000t\000w\000o\000r\000k\000\040\000T\000o\000p\000o\000l\000o\000g\000i\000e\000s}{section.2}% 3
\BOOKMARK [2][-]{subsection.2.2}{\376\377\000D\000A\000G\000\040\000S\000t\000r\000u\000c\000t\000u\000r\000e\000s}{section.2}% 4
\BOOKMARK [2][-]{subsection.2.3}{\376\377\000S\000i\000m\000u\000l\000a\000t\000i\000o\000n\000\040\000P\000a\000r\000a\000m\000e\000t\000e\000r\000s}{section.2}% 5
\BOOKMARK [1][-]{section.3}{\376\377\000A\000g\000g\000r\000e\000g\000a\000t\000e\000\040\000R\000e\000s\000u\000l\000t\000s}{}% 6
\BOOKMARK [1][-]{section.4}{\376\377\000P\000e\000r\000-\000S\000c\000e\000n\000a\000r\000i\000o\000\040\000A\000n\000a\000l\000y\000s\000i\000s}{}% 7
\BOOKMARK [2][-]{subsection.4.1}{\376\377\0002\0002\000\040\000N\000e\000t\000w\000o\000r\000k\000\040\000\040\000S\000m\000a\000l\000l\000\040\000D\000A\000G\000\040\000\050\0005\000\040\000t\000a\000s\000k\000s\000\051}{section.4}% 8
\BOOKMARK [2][-]{subsection.4.2}{\376\377\0002\0002\000\040\000N\000e\000t\000w\000o\000r\000k\000\040\000\040\000M\000e\000d\000i\000u\000m\000\040\000D\000A\000G\000\040\000\050\0001\0000\000\040\000t\000a\000s\000k\000s\000\051}{section.4}% 9
\BOOKMARK [2][-]{subsection.4.3}{\376\377\0002\0002\000\040\000N\000e\000t\000w\000o\000r\000k\000\040\000\040\000L\000a\000r\000g\000e\000\040\000D\000A\000G\000\040\000\050\0002\0000\000\040\000t\000a\000s\000k\000s\000\051}{section.4}% 10
\BOOKMARK [2][-]{subsection.4.4}{\376\377\0003\0003\000\040\000N\000e\000t\000w\000o\000r\000k\000\040\000\040\000S\000m\000a\000l\000l\000\040\000D\000A\000G\000\040\000\050\0005\000\040\000t\000a\000s\000k\000s\000\051}{section.4}% 11
\BOOKMARK [2][-]{subsection.4.5}{\376\377\0003\0003\000\040\000N\000e\000t\000w\000o\000r\000k\000\040\000\040\000M\000e\000d\000i\000u\000m\000\040\000D\000A\000G\000\040\000\050\0001\0000\000\040\000t\000a\000s\000k\000s\000\051}{section.4}% 12
\BOOKMARK [2][-]{subsection.4.6}{\376\377\0003\0003\000\040\000N\000e\000t\000w\000o\000r\000k\000\040\000\040\000L\000a\000r\000g\000e\000\040\000D\000A\000G\000\040\000\050\0002\0000\000\040\000t\000a\000s\000k\000s\000\051}{section.4}% 13
\BOOKMARK [2][-]{subsection.4.7}{\376\377\0004\0004\000\040\000N\000e\000t\000w\000o\000r\000k\000\040\000\040\000S\000m\000a\000l\000l\000\040\000D\000A\000G\000\040\000\050\0005\000\040\000t\000a\000s\000k\000s\000\051}{section.4}% 14
\BOOKMARK [2][-]{subsection.4.8}{\376\377\0004\0004\000\040\000N\000e\000t\000w\000o\000r\000k\000\040\000\040\000M\000e\000d\000i\000u\000m\000\040\000D\000A\000G\000\040\000\050\0001\0000\000\040\000t\000a\000s\000k\000s\000\051}{section.4}% 15
\BOOKMARK [2][-]{subsection.4.9}{\376\377\0004\0004\000\040\000N\000e\000t\000w\000o\000r\000k\000\040\000\040\000L\000a\000r\000g\000e\000\040\000D\000A\000G\000\040\000\050\0002\0000\000\040\000t\000a\000s\000k\000s\000\051}{section.4}% 16
\BOOKMARK [1][-]{section.5}{\376\377\000D\000i\000s\000c\000u\000s\000s\000i\000o\000n}{}% 17
\BOOKMARK [2][-]{subsection.5.1}{\376\377\000W\000h\000y\000\040\000W\000i\000d\000e\000s\000t\000\040\000P\000a\000t\000h\000\040\000F\000a\000i\000l\000s\000\040\000U\000n\000d\000e\000r\000\040\000C\000S\000M\000A}{section.5}% 18
\BOOKMARK [2][-]{subsection.5.2}{\376\377\000W\000h\000e\000n\000\040\000W\000i\000d\000e\000s\000t\000\040\000P\000a\000t\000h\000\040\000W\000i\000n\000s\000\040\000o\000n\000\040\000G\000r\000i\000d\000s}{section.5}% 19
\BOOKMARK [2][-]{subsection.5.3}{\376\377\000S\000c\000a\000l\000i\000n\000g\000\040\000B\000e\000h\000a\000v\000i\000o\000r}{section.5}% 20
\BOOKMARK [1][-]{section.6}{\376\377\000B\000o\000t\000t\000l\000e\000n\000e\000c\000k\000\040\000N\000e\000t\000w\000o\000r\000k\000:\000\040\000W\000h\000e\000n\000\040\000W\000i\000d\000e\000s\000t\000\040\000P\000a\000t\000h\000\040\000W\000i\000n\000s}{}% 21
\BOOKMARK [2][-]{subsection.6.1}{\376\377\000N\000e\000t\000w\000o\000r\000k\000\040\000T\000o\000p\000o\000l\000o\000g\000y}{section.6}% 22
\BOOKMARK [2][-]{subsection.6.2}{\376\377\000D\000A\000G\000\040\000S\000t\000r\000u\000c\000t\000u\000r\000e\000s}{section.6}% 23
\BOOKMARK [2][-]{subsection.6.3}{\376\377\000R\000e\000s\000u\000l\000t\000s}{section.6}% 24
\BOOKMARK [3][-]{subsubsection.6.3.1}{\376\377\000C\000h\000a\000i\000n\000\040\000D\000A\000G\000\040\000\050\000s\000e\000q\000u\000e\000n\000t\000i\000a\000l\000\040\000t\000r\000a\000n\000s\000f\000e\000r\000s\000\051}{subsection.6.3}% 25
\BOOKMARK [3][-]{subsubsection.6.3.2}{\376\377\000F\000o\000r\000k\000-\000j\000o\000i\000n\000\040\0003\000\040\000\050\000m\000o\000d\000e\000r\000a\000t\000e\000\040\000c\000o\000n\000c\000u\000r\000r\000e\000n\000c\000y\000\051}{subsection.6.3}% 26
\BOOKMARK [3][-]{subsubsection.6.3.3}{\376\377\000F\000o\000r\000k\000-\000j\000o\000i\000n\000\040\0008\000\040\000\050\000h\000i\000g\000h\000\040\000c\000o\000n\000c\000u\000r\000r\000e\000n\000c\000y\000\051}{subsection.6.3}% 27
\BOOKMARK [2][-]{subsection.6.4}{\376\377\000W\000h\000e\000n\000\040\000D\000o\000e\000s\000\040\000W\000i\000d\000e\000s\000t\000\040\000P\000a\000t\000h\000\040\000W\000i\000n\000?}{section.6}% 28
\BOOKMARK [1][-]{section.7}{\376\377\000C\000o\000n\000c\000l\000u\000s\000i\000o\000n}{}% 29
