\BOOKMARK [1][-]{section.1}{\376\377\000I\000n\000t\000r\000o\000d\000u\000c\000t\000i\000o\000n\000\040\000a\000n\000d\000\040\000M\000o\000t\000i\000v\000a\000t\000i\000o\000n}{}% 1
\BOOKMARK [1][-]{section.2}{\376\377\000R\000F\000\040\000C\000o\000n\000f\000i\000g\000u\000r\000a\000t\000i\000o\000n\000\040\000P\000a\000r\000a\000m\000e\000t\000e\000r\000s}{}% 2
\BOOKMARK [1][-]{section.3}{\376\377\000P\000h\000y\000s\000i\000c\000a\000l\000\040\000L\000a\000y\000e\000r\000\040\000M\000o\000d\000e\000l}{}% 3
\BOOKMARK [2][-]{subsection.3.1}{\376\377\000L\000o\000g\000-\000D\000i\000s\000t\000a\000n\000c\000e\000\040\000P\000a\000t\000h\000\040\000L\000o\000s\000s}{section.3}% 4
\BOOKMARK [2][-]{subsection.3.2}{\376\377\000R\000e\000c\000e\000i\000v\000e\000d\000\040\000P\000o\000w\000e\000r}{section.3}% 5
\BOOKMARK [2][-]{subsection.3.3}{\376\377\000S\000i\000g\000n\000a\000l\000-\000t\000o\000-\000N\000o\000i\000s\000e\000\040\000R\000a\000t\000i\000o\000\040\000\050\000S\000N\000R\000\051}{section.3}% 6
\BOOKMARK [2][-]{subsection.3.4}{\376\377\000S\000i\000g\000n\000a\000l\000-\000t\000o\000-\000I\000n\000t\000e\000r\000f\000e\000r\000e\000n\000c\000e\000-\000p\000l\000u\000s\000-\000N\000o\000i\000s\000e\000\040\000R\000a\000t\000i\000o\000\040\000\050\000S\000I\000N\000R\000\051}{section.3}% 7
\BOOKMARK [2][-]{subsection.3.5}{\376\377\000S\000h\000a\000d\000o\000w\000\040\000F\000a\000d\000i\000n\000g}{section.3}% 8
\BOOKMARK [1][-]{section.4}{\376\377\000M\000C\000S\000\040\000R\000a\000t\000e\000\040\000A\000d\000a\000p\000t\000a\000t\000i\000o\000n}{}% 9
\BOOKMARK [2][-]{subsection.4.1}{\376\377\000M\000C\000S\000\040\000T\000a\000b\000l\000e\000s}{section.4}% 10
\BOOKMARK [2][-]{subsection.4.2}{\376\377\000R\000a\000t\000e\000\040\000S\000e\000l\000e\000c\000t\000i\000o\000n\000\040\000A\000l\000g\000o\000r\000i\000t\000h\000m}{section.4}% 11
\BOOKMARK [2][-]{subsection.4.3}{\376\377\000U\000n\000i\000t\000\040\000C\000o\000n\000v\000e\000r\000s\000i\000o\000n}{section.4}% 12
\BOOKMARK [1][-]{section.5}{\376\377\000P\000e\000r\000-\000L\000i\000n\000k\000\040\000P\000H\000Y\000\040\000R\000a\000t\000e\000\040\000C\000o\000m\000p\000u\000t\000a\000t\000i\000o\000n}{}% 13
\BOOKMARK [1][-]{section.6}{\376\377\000C\000a\000r\000r\000i\000e\000r\000\040\000S\000e\000n\000s\000i\000n\000g\000\040\000R\000a\000n\000g\000e}{}% 14
\BOOKMARK [1][-]{section.7}{\376\377\000C\000o\000n\000f\000l\000i\000c\000t\000\040\000G\000r\000a\000p\000h}{}% 15
\BOOKMARK [2][-]{subsection.7.1}{\376\377\000C\000o\000n\000f\000l\000i\000c\000t\000\040\000D\000e\000f\000i\000n\000i\000t\000i\000o\000n}{section.7}% 16
\BOOKMARK [3][-]{subsubsection.7.1.1}{\376\377\000W\000i\000t\000h\000o\000u\000t\000\040\000R\000T\000S\000/\000C\000T\000S}{subsection.7.1}% 17
\BOOKMARK [3][-]{subsubsection.7.1.2}{\376\377\000W\000i\000t\000h\000\040\000R\000T\000S\000/\000C\000T\000S}{subsection.7.1}% 18
\BOOKMARK [2][-]{subsection.7.2}{\376\377\000M\000a\000x\000i\000m\000u\000m\000\040\000C\000l\000i\000q\000u\000e\000\040\000C\000o\000m\000p\000u\000t\000a\000t\000i\000o\000n}{section.7}% 19
\BOOKMARK [1][-]{section.8}{\376\377\000B\000i\000a\000n\000c\000h\000i\000'\000s\000\040\000C\000S\000M\000A\000/\000C\000A\000\040\000M\000A\000C\000\040\000E\000f\000f\000i\000c\000i\000e\000n\000c\000y\000\040\000M\000o\000d\000e\000l}{}% 20
\BOOKMARK [2][-]{subsection.8.1}{\376\377\000C\000o\000u\000p\000l\000e\000d\000\040\000E\000q\000u\000a\000t\000i\000o\000n\000s}{section.8}% 21
\BOOKMARK [2][-]{subsection.8.2}{\376\377\000T\000h\000r\000o\000u\000g\000h\000p\000u\000t\000\040\000E\000f\000f\000i\000c\000i\000e\000n\000c\000y}{section.8}% 22
\BOOKMARK [1][-]{section.9}{\376\377\000I\000n\000t\000e\000r\000f\000e\000r\000e\000n\000c\000e\000\040\000M\000o\000d\000e\000l\000\040\000V\000a\000r\000i\000a\000n\000t\000s}{}% 23
\BOOKMARK [2][-]{subsection.9.1}{\376\377\000V\000a\000r\000i\000a\000n\000t\000\040\0001\000:\000\040\000S\000t\000a\000t\000i\000c\000\040\000C\000l\000i\000q\000u\000e\000\040\000M\000o\000d\000e\000l\000\040\000\050\000c\000s\000m\000a\000\137\000c\000l\000i\000q\000u\000e\000\051}{section.9}% 24
\BOOKMARK [2][-]{subsection.9.2}{\376\377\000V\000a\000r\000i\000a\000n\000t\000\040\0002\000:\000\040\000D\000y\000n\000a\000m\000i\000c\000\040\000B\000i\000a\000n\000c\000h\000i\000\040\000M\000o\000d\000e\000l\000\040\000\050\000c\000s\000m\000a\000\137\000b\000i\000a\000n\000c\000h\000i\000\051}{section.9}% 25
\BOOKMARK [3][-]{subsubsection.9.2.1}{\376\377\000S\000e\000t\000u\000p}{subsection.9.2}% 26
\BOOKMARK [3][-]{subsubsection.9.2.2}{\376\377\000D\000y\000n\000a\000m\000i\000c\000\040\000I\000n\000t\000e\000r\000f\000e\000r\000e\000n\000c\000e\000\040\000F\000a\000c\000t\000o\000r}{subsection.9.2}% 27
\BOOKMARK [3][-]{subsubsection.9.2.3}{\376\377\000D\000y\000n\000a\000m\000i\000c\000\040\000R\000e\000c\000a\000l\000c\000u\000l\000a\000t\000i\000o\000n}{subsection.9.2}% 28
\BOOKMARK [2][-]{subsection.9.3}{\376\377\000C\000o\000m\000p\000a\000r\000i\000s\000o\000n\000\040\000o\000f\000\040\000V\000a\000r\000i\000a\000n\000t\000s}{section.9}% 29
\BOOKMARK [1][-]{section.10}{\376\377\000I\000n\000t\000e\000g\000r\000a\000t\000i\000o\000n\000\040\000w\000i\000t\000h\000\040\000t\000h\000e\000\040\000E\000x\000e\000c\000u\000t\000i\000o\000n\000\040\000E\000n\000g\000i\000n\000e}{}% 30
\BOOKMARK [1][-]{section.11}{\376\377\000W\000o\000r\000k\000e\000d\000\040\000E\000x\000a\000m\000p\000l\000e}{}% 31
\BOOKMARK [2][-]{subsection.11.1}{\376\377\000P\000H\000Y\000\040\000R\000a\000t\000e\000\040\000C\000o\000m\000p\000u\000t\000a\000t\000i\000o\000n}{section.11}% 32
\BOOKMARK [2][-]{subsection.11.2}{\376\377\000C\000o\000n\000f\000l\000i\000c\000t\000\040\000G\000r\000a\000p\000h}{section.11}% 33
\BOOKMARK [2][-]{subsection.11.3}{\376\377\000c\000s\000m\000a\000\137\000c\000l\000i\000q\000u\000e\000\040\000R\000e\000s\000u\000l\000t}{section.11}% 34
\BOOKMARK [2][-]{subsection.11.4}{\376\377\000c\000s\000m\000a\000\137\000b\000i\000a\000n\000c\000h\000i\000\040\000R\000e\000s\000u\000l\000t}{section.11}% 35
\BOOKMARK [1][-]{section.12}{\376\377\000Y\000A\000M\000L\000\040\000C\000o\000n\000f\000i\000g\000u\000r\000a\000t\000i\000o\000n}{}% 36
\BOOKMARK [1][-]{section.13}{\376\377\000S\000u\000m\000m\000a\000r\000y}{}% 37
